// Jest Snapshot v1, https://goo.gl/fbAQLP

exports[`upload get env file 1`] = `undefined`;
